[colab] Parsing notebook '/home/kurt/colab-runs/siglip2-vision-language-pipeline-20ffef4-c27e30/siglip2_vision_language_colab_20ffef4_colab-cli-t4.ipynb'...
[colab] Executing cell 1/15 - Infrastructure: build (or reuse) the isolated environment and route later cells to it...
{'isolated_environment': '/content/dimer_isolated_env_60f2af56a971', 'reused': False, 'isolated_python': '3.12.12', 'kernel_python': '3.13.15', 'locked_packages': 47, 'setup_seconds': 63}
{'routed_to': '/content/dimer_isolated_env_60f2af56a971/bin/python', 'worker_pid': 1123, 'worker_reused': False}
[colab] Executing cell 2/15 - Infrastructure: record the runtime...
{'notebook_source': {'repository': 'siglip2-vision-language-pipeline', 'repository_revision': '0979f22ce5c4b98af3c58a70d9962c33ddaf0599', 'embedded_module': 'src/siglip2_pipeline/config.py', 'embedded_modules': ['src/siglip2_pipeline/config.py', 'src/siglip2_pipeline/metrics.py', 'src/siglip2_pipeline/model.py', 'src/siglip2_pipeline/provenance.py', 'src/siglip2_pipeline/samples.py', 'src/siglip2_pipeline/pipeline.py'], 'module_sha256': 'a66b6a082a597c667f7b0bd1b6f3904f9aa3faee15c60c4d870418219e46c024', 'generator': 'build_notebook.py/2.2', 'notebook_spec': '2.2'}, 'python': '3.12.12', 'executable': '/content/dimer_isolated_env_60f2af56a971/bin/python', 'torch': '2.14.0+cu130', 'transformers': '4.57.6', 'numpy': '2.5.3', 'cuda': True}
[colab] Executing cell 3/15 - siglip2_vision_language-08...
[colab] Executing cell 4/15 - siglip2_vision_language-10...
[colab] Executing cell 5/15 - siglip2_vision_language-12...
[colab] Executing cell 6/15 - siglip2_vision_language-14...
[colab] Executing cell 7/15 - siglip2_vision_language-16...
[colab] Executing cell 8/15 - siglip2_vision_language-18...
[colab] Executing cell 9/15 - Infrastructure: stage and digest-verify the pinned snapshot, then load the model...
{'model_id': 'google/siglip2-base-patch16-224', 'revision': '5ffaac51d5e2f3367f7dab0cad4be4cb07c0caa2', 'license': 'Apache-2.0', 'files': 8, 'total_bytes': 1539456760}
{'weights_dir': '/content/weights/siglip2-base-patch16-224', 'fetched': ['README.md', 'config.json', 'model.safetensors', 'preprocessor_config.json', 'special_tokens_map.json', 'tokenizer.json', 'tokenizer.model', 'tokenizer_config.json']}
{'verified_files': 8, 'revision': '5ffaac51d5e2f3367f7dab0cad4be4cb07c0caa2'}
Using a slow image processor as `use_fast` is unset and a slow processor was saved with this model. `use_fast=True` will be the default behavior in v4.52, even if the model was saved with a slow processor. This will result in minor differences in outputs. You'll still be able to use a slow processor with `use_fast=False`.
{'device': device(type='cuda'), 'source': 'local-snapshot'}
[colab] Executing cell 10/15 - siglip2_vision_language-22...
{'data_source': "iNaturalist CC0 bird photographs (six species): iNaturalist open-data bucket, research-grade CC0 photos selected 2026-09-19 (60 per species) (CC0 1.0 (each photo's own license_code on iNaturalist; observers credited in the records))", 'raw_rows': {'photographs': 360, 'bytes': 39223447, 'observers': 222}, 'splits': {'train': 216, 'validation': 48, 'test': 96}, 'observer_overlap': {'observers': 222, 'in_more_than_one_split': 53}, 'classes': ['american_goldfinch', 'chipping_sparrow', 'dark_eyed_junco', 'house_finch', 'song_sparrow', 'white_throated_sparrow']}
{'train': {'n': 216, 'label_counts': {'american_goldfinch': 36, 'chipping_sparrow': 36, 'dark_eyed_junco': 36, 'house_finch': 36, 'song_sparrow': 36, 'white_throated_sparrow': 36}, 'image_side': {'min': 342, 'max': 500}, 'digest': 'fa4ce9eb2a674c17...'}}
{'validation': {'n': 48, 'label_counts': {'american_goldfinch': 8, 'chipping_sparrow': 8, 'dark_eyed_junco': 8, 'house_finch': 8, 'song_sparrow': 8, 'white_throated_sparrow': 8}, 'image_side': {'min': 357, 'max': 500}, 'digest': '481b39b7ed4d165e...'}}
{'test': {'n': 96, 'label_counts': {'american_goldfinch': 16, 'chipping_sparrow': 16, 'dark_eyed_junco': 16, 'house_finch': 16, 'song_sparrow': 16, 'white_throated_sparrow': 16}, 'image_side': {'min': 408, 'max': 500}, 'digest': '923b58c6f32d7b4d...'}}
{'example': {'id': 'train-000', 'label': 'house_finch', 'display_name': 'House Finch', 'size': [375, 500], 'observation': 'https://www.inaturalist.org/observations/12337763'}}
{'probe': 'duplicate id', 'rejected': "duplicate id 'same'"}
{'probe': 'image over the side ceiling', 'rejected': 'records[0]: image side outside 1..MAX_IMAGE_SIDE=4096 px: (4097, 8)'}
{'probe': 'one label only', 'rejected': '1 distinct labels; 2..100 are required'}
{'probe': 'too small', 'rejected': '3 records; 8..20000 are required'}
[colab] Executing cell 11/15 - siglip2_vision_language-25...
{'ceilings': {'TEXT_MAX_LENGTH': 64, 'DEFAULT_PROMPT_TEMPLATE': 'This is a photo of {label}.', 'MAX_IMAGE_SIDE': 4096, 'MIN_RECORDS': 8, 'MAX_RECORDS': 20000, 'MIN_CLASSES': 2, 'image_contract': '224x224 RGB after processor resize', 'device': 'cuda'}}
{'shapes': ['red_square.ppm', 'green_circle.ppm', 'blue_triangle.ppm'], 'sha256': {'red_square.ppm': 'b38ff0c9131677ed...', 'green_circle.ppm': '2e3e657686a0f6a6...', 'blue_triangle.ppm': 'f0f4c38c7af92b3a...'}, 'manifest_verdict': 'accepted', 'findings': 1}
red_square.ppm -> [('red square', 0.5807), ('abstract geometric shape', 0.0008), ('blue triangle', 0.0), ('green circle', 0.0)]
green_circle.ppm -> [('green circle', 0.8511), ('abstract geometric shape', 0.0069), ('red square', 0.0004), ('blue triangle', 0.0001)]
blue_triangle.ppm -> [('blue triangle', 0.9154), ('abstract geometric shape', 0.0125), ('red square', 0.0018), ('green circle', 0.0)]
{'checks': {'one_ranking_per_image': True, 'scores_in_unit_interval': True, 'rankings_descending': True, 'embeddings_unit_norm': True}, 'seconds': 1.72, 'frozen_scene': {'top1_accuracy': 1.0, 'recall_at_1': 1.0}, 'verdict': 'sample-sanity'}
[colab] Executing cell 12/15 - siglip2_vision_language-28...
{'frozen_model': 'already frozen', 'adapted': False}
{'majority_baseline': {'accuracy': 0.167, 'macro_f1': 0.048, 't2i_map': 0.203}, 'n': 96, 'note': "majority floor ('american_goldfinch' for every photograph)"}
{'colour_neighbour_baseline': {'accuracy': 0.26, 'macro_f1': 0.261, 't2i_map': 0.212}, 'note': 'colour nearest neighbour (216 training photographs)'}
{'frozen_model_test': {'accuracy': 0.76, 'macro_f1': 0.758, 't2i_map': 0.723}, 'n': 96, 'verdict': 'measured', 'prompt_template': 'This is a photo of {label}.', 'seconds': 1.6}
{'definitions': {'accuracy': 'fraction of photographs whose highest-scoring class prompt is the gold label; in 0..1', 'macro_f1': 'unweighted mean over classes of the F1 of predicting that class; in 0..1', 't2i_map': "mean over class prompts of the average precision of ranking every photograph by the prompt's score (the class's own photographs are relevant); in 0..1"}}
{'by_species_frozen': {'american_goldfinch': {'n': 16, 'recall': 0.88, 'ap': 0.93}, 'chipping_sparrow': {'n': 16, 'recall': 0.75, 'ap': 0.71}, 'dark_eyed_junco': {'n': 16, 'recall': 0.94, 'ap': 0.97}, 'house_finch': {'n': 16, 'recall': 0.75, 'ap': 0.86}, 'song_sparrow': {'n': 16, 'recall': 0.81, 'ap': 0.51}, 'white_throated_sparrow': {'n': 16, 'recall': 0.44, 'ap': 0.35}}}
{'frozen_model_test_scientific_name_prompts': {'accuracy': 0.479, 'macro_f1': 0.459, 't2i_map': 0.467}}
{'frozen_vs_baselines': 'above the baselines', 'frozen': {'t2i_map': 0.723, 'accuracy': 0.76}, 'majority_t2i_map': 0.203, 'neighbour_accuracy': 0.26}
[colab] Executing cell 13/15 - siglip2_vision_language-31...
{'frozen_model': 'already frozen', 'adapted': False}
{'epoch': 0, 'train_loss': None, 'val_accuracy': 0.646, 'val_macro_f1': 0.654, 'val_t2i_map': 0.68, 'note': 'frozen model'}
{'epoch': 1, 'train_loss': 1.7524, 'val_accuracy': 0.812, 'val_macro_f1': 0.809, 'val_t2i_map': 0.874}
{'epoch': 2, 'train_loss': 0.8739, 'val_accuracy': 0.792, 'val_macro_f1': 0.785, 'val_t2i_map': 0.854}
{'epoch': 3, 'train_loss': 0.4247, 'val_accuracy': 0.833, 'val_macro_f1': 0.831, 'val_t2i_map': 0.863}
{'epoch': 4, 'train_loss': 0.147, 'val_accuracy': 0.854, 'val_macro_f1': 0.854, 'val_t2i_map': 0.876}
{'epoch': 5, 'train_loss': 0.0501, 'val_accuracy': 0.812, 'val_macro_f1': 0.814, 'val_t2i_map': 0.872}
{'epoch': 6, 'train_loss': 0.0548, 'val_accuracy': 0.75, 'val_macro_f1': 0.757, 'val_t2i_map': 0.854}
{'trainable_parameters': 21264384, 'total_parameters': 375187970, 'classes': ['american_goldfinch', 'chipping_sparrow', 'dark_eyed_junco', 'house_finch', 'song_sparrow', 'white_throated_sparrow'], 'best_epoch': 4, 'selection': 'highest validation text-to-image mAP', 'seconds': 32.9}
[colab] Executing cell 14/15 - siglip2_vision_language-34...
{'accuracy': {'majority': 0.167, 'neighbour': 0.26, 'frozen': 0.76, 'adapted': 0.792}}
{'macro_f1': {'majority': 0.048, 'neighbour': 0.261, 'frozen': 0.758, 'adapted': 0.793}}
{'t2i_map': {'majority': 0.203, 'neighbour': 0.212, 'frozen': 0.723, 'adapted': 0.871}}
{'delta_vs_frozen': {'accuracy': 0.031, 'macro_f1': 0.034, 't2i_map': 0.148}}
{'scientific_name_prompts': {'accuracy': {'frozen': 0.479, 'adapted': 0.51}, 'macro_f1': {'frozen': 0.459, 'adapted': 0.453}, 't2i_map': {'frozen': 0.467, 'adapted': 0.492}}}
{'by_species': {'american_goldfinch': {'n': 16, 'frozen_recall': 0.88, 'adapted_recall': 0.81, 'frozen_ap': 0.93, 'adapted_ap': 0.97}, 'chipping_sparrow': {'n': 16, 'frozen_recall': 0.75, 'adapted_recall': 0.62, 'frozen_ap': 0.71, 'adapted_ap': 0.8}, 'dark_eyed_junco': {'n': 16, 'frozen_recall': 0.94, 'adapted_recall': 0.88, 'frozen_ap': 0.97, 'adapted_ap': 0.94}, 'house_finch': {'n': 16, 'frozen_recall': 0.75, 'adapted_recall': 0.88, 'frozen_ap': 0.86, 'adapted_ap': 0.86}, 'song_sparrow': {'n': 16, 'frozen_recall': 0.81, 'adapted_recall': 0.81, 'frozen_ap': 0.51, 'adapted_ap': 0.78}, 'white_throated_sparrow': {'n': 16, 'frozen_recall': 0.44, 'adapted_recall': 0.75, 'frozen_ap': 0.35, 'adapted_ap': 0.89}}}
{'verdicts': {'frozen_vs_baselines': 'above the baselines', 'adapted_vs_frozen_t2i_map': 'improved', 'adapted_vs_frozen_accuracy': 'improved'}}
{'report': 'outputs/siglip2_vision_language_evaluation_report.json', 'verdicts': {'frozen_vs_baselines': 'above the baselines', 'adapted_vs_frozen_t2i_map': 'improved', 'adapted_vs_frozen_accuracy': 'improved'}}
[colab] Executing cell 15/15 - siglip2_vision_language-37...
{'image': 'red_square.ppm', 'frozen': [('red square', 0.581), ('abstract geometric shape', 0.001)], 'adapted': [('red square', 0.678), ('abstract geometric shape', 0.0)]}
{'image': 'green_circle.ppm', 'frozen': [('green circle', 0.851), ('abstract geometric shape', 0.007)], 'adapted': [('green circle', 0.918), ('abstract geometric shape', 0.008)]}
{'image': 'blue_triangle.ppm', 'frozen': [('blue triangle', 0.915), ('abstract geometric shape', 0.012)], 'adapted': [('blue triangle', 0.968), ('abstract geometric shape', 0.013)]}
{'scene_after_adaptation': {'top1_accuracy': 1.0, 'recall_at_1': 1.0}, 'verdict': 'sample-sanity'}
{'artifact': 'outputs/siglip2_vision_language_adapter', 'format': 'org.valcorza.siglip2-base-patch16-224.adapter.v1', 'tensors': 45, 'bytes': 85062712, 'sha256': '6888ed14e8d2ce75...'}
{'reload_parity': {'max_abs_difference': 0.0, 'identical_rows': 8, 'of': 8}, 'reloaded_best_epoch': 4}
['provenance.json', 'sample-data', 'siglip2_vision_language_adapter', 'siglip2_vision_language_evaluation_report.json', 'siglip2_vision_language_input_manifest.json', 'siglip2_vision_language_result.json', 'siglip2_vision_language_shapes.json', 'siglip2_vision_language_train.csv']
[colab] Saving notebook with outputs to '/home/kurt/colab-runs/siglip2-vision-language-pipeline-20ffef4-c27e30/siglip2_vision_language_colab_20ffef4_colab-cli-t4_output.ipynb'...
